UnderscoreJustification.cpp
_GLOBAL__I_main
_Z41__static_initialization_and_destruction_0ii
_ZSt8__ioinit
__tcf_0
_ZnwjPv
__gxx_personality_v0
_ZdlPvS_
_ZNK9__gnu_cxx17__normal_iteratorIPSsSt6vectorISsSaISsEEEdeEv
_ZStltIcSt11char_traitsIcESaIcEEbRKSbIT_T0_T1_ES8_
_ZNKSs7compareERKSs
_ZSteqIcSt11char_traitsIcESaIcEEbRKSbIT_T0_T1_ES8_
_ZN9__gnu_cxx13new_allocatorISsEC2Ev
_ZNSaISsEC1Ev
_ZN9__gnu_cxx13new_allocatorISsED2Ev
_ZNSaISsED2Ev
_ZNSaISsED1Ev
_ZN9__gnu_cxx13new_allocatorISsEC2ERKS1_
_ZNSaISsEC2ERKS_
_ZNSaISsEC1ERKS_
_ZNSt12_Vector_baseISsSaISsEE12_Vector_implD1Ev
_ZNSt12_Vector_baseISsSaISsEE19_M_get_Tp_allocatorEv
_ZN9__gnu_cxx17__normal_iteratorIPKSsSt6vectorISsSaISsEEEC1ERKS2_
_ZNKSt6vectorISsSaISsEE3endEv
_ZNKSt6vectorISsSaISsEE5beginEv
_ZNK9__gnu_cxx17__normal_iteratorIPKSsSt6vectorISsSaISsEEE4baseEv
_ZN9__gnu_cxxmiIPKSsS2_St6vectorISsSaISsEEEENS_17__normal_iteratorIT_T1_E15difference_typeERKS9_RKNS6_IT0_S8_EE
_ZNKSt6vectorISsSaISsEE4sizeEv
_ZN9__gnu_cxx17__normal_iteratorIPSsSt6vectorISsSaISsEEEC1ERKS1_
_ZNSt6vectorISsSaISsEE5beginEv
_ZNK9__gnu_cxx17__normal_iteratorIPSsSt6vectorISsSaISsEEEplERKi
_ZNSt6vectorISsSaISsEEixEj
_ZNSt12_Vector_baseISsSaISsEE12_Vector_implC1ERKS0_
_ZNSt12_Vector_baseISsSaISsEEC2ERKS0_
_ZNKSt12_Vector_baseISsSaISsEE19_M_get_Tp_allocatorEv
_ZNKSt12_Vector_baseISsSaISsEE13get_allocatorEv
_ZSt19__iterator_categoryIPSsENSt15iterator_traitsIT_E17iterator_categoryERKS2_
_ZSt10__distanceIPSsENSt15iterator_traitsIT_E15difference_typeES2_S2_St26random_access_iterator_tag
_ZSt8distanceIPSsENSt15iterator_traitsIT_E15difference_typeES2_S2_
_ZSt8_DestroyISsEvPT_
_ZNSsD1Ev
_ZSt13__destroy_auxIPSsEvT_S1_12__false_type
_ZSt8_DestroyIPSsEvT_S1_
_ZSt8_DestroyIPSsSsEvT_S1_SaIT0_E
_ZNK9__gnu_cxx13new_allocatorISsE8max_sizeEv
_ZN9__gnu_cxxneIPKSsSt6vectorISsSaISsEEEEbRKNS_17__normal_iteratorIT_T0_EESB_
_ZN9__gnu_cxx17__normal_iteratorIPKSsSt6vectorISsSaISsEEEppEv
_ZNK9__gnu_cxx17__normal_iteratorIPKSsSt6vectorISsSaISsEEEdeEv
_ZNSt8ios_base4InitC1Ev
__dso_handle
__cxa_atexit
_ZNSt8ios_base4InitD1Ev
_ZN9__gnu_cxx13new_allocatorISsE8allocateEjPKv
_ZSt17__throw_bad_allocv
_Znwj
_ZNSt12_Vector_baseISsSaISsEE11_M_allocateEj
_Unwind_Resume
_ZNSt12_Vector_baseISsSaISsEEC2EjRKS0_
_ZSt10_ConstructISsSsEvPT_RKT0_
_ZNSsC1ERKSs
_ZSt24__uninitialized_copy_auxIPSsS0_ET0_T_S2_S1_12__false_type
__cxa_begin_catch
__cxa_rethrow
__cxa_end_catch
_ZSt18uninitialized_copyIPSsS0_ET0_T_S2_S1_
_ZSt22__uninitialized_copy_aIPSsS0_SsET0_T_S2_S1_SaIT1_E
_ZNSt6vectorISsSaISsEE19_M_range_initializeIPSsEEvT_S4_St20forward_iterator_tag
_ZNSt6vectorISsSaISsEE22_M_initialize_dispatchIPSsEEvT_S4_12__false_type
_ZSt24__uninitialized_copy_auxIN9__gnu_cxx17__normal_iteratorIPKSsSt6vectorISsSaISsEEEEPSsET0_T_SA_S9_12__false_type
_ZSt18uninitialized_copyIN9__gnu_cxx17__normal_iteratorIPKSsSt6vectorISsSaISsEEEEPSsET0_T_SA_S9_
_ZSt22__uninitialized_copy_aIN9__gnu_cxx17__normal_iteratorIPKSsSt6vectorISsSaISsEEEEPSsSsET0_T_SA_S9_SaIT1_E
_ZStplIcSt11char_traitsIcESaIcEESbIT_T0_T1_ERKS6_PKS3_
_ZNSs6appendEPKc
_ZN9__gnu_cxx13new_allocatorISsE10deallocateEPSsj
_ZdlPv
_ZNSt12_Vector_baseISsSaISsEE13_M_deallocateEPSsj
_ZNSt12_Vector_baseISsSaISsEED2Ev
_ZNSt6vectorISsSaISsEEC1IPSsEET_S4_RKS0_
_ZNSt6vectorISsSaISsEEC1ERKS1_
_ZNSt6vectorISsSaISsEED1Ev
_ZStplIcSt11char_traitsIcESaIcEESbIT_T0_T1_ERKS6_S8_
_ZNSs6appendERKSs
_ZN23UnderscoreJustification11justifyLineESt6vectorISsSaISsEEi
_ZNSsC1Ev
_ZNKSs6lengthEv
_ZNSaIcEC1Ev
_ZNSsC1EPKcRKSaIcE
_ZNSaIcED1Ev
_ZNSsaSERKSs
_ZNSsixEj
_ZSt4cerr
_ZStlsIcSt11char_traitsIcESaIcEERSt13basic_ostreamIT_T0_ES7_RKSbIS4_S5_T1_E
_ZStlsISt11char_traitsIcEERSt13basic_ostreamIcT_ES5_PKc
_ZNSolsEi
_ZNSspLERKSs
_ZN23UnderscoreJustification11verify_caseEiRKSsS1_
_ZSt4endlIcSt11char_traitsIcEERSt13basic_ostreamIT_T0_ES6_
_ZNSolsEPFRSoS_E
_ZStlsISt11char_traitsIcEERSt13basic_ostreamIcT_ES5_c
_ZN23UnderscoreJustification11test_case_0Ev
_ZN23UnderscoreJustification11test_case_1Ev
_ZN23UnderscoreJustification11test_case_2Ev
_ZN23UnderscoreJustification8run_testEi
main
